// Jest Snapshot v1, https://goo.gl/fbAQLP

exports[`Should render CityHome component 1`] = `
<Text
  style={
    Array [
      Object {
        "color": "#000000",
        "fontFamily": "System",
        "fontWeight": "400",
        "textAlign": "left",
      },
      Array [
        Object {
          "color": "rgba(0, 0, 0, 0.87)",
          "fontFamily": "System",
          "fontWeight": "500",
          "textAlign": "left",
          "writingDirection": "ltr",
        },
        Array [
          Object {
            "fontSize": 20,
            "letterSpacing": 0.15,
            "lineHeight": 30,
            "marginVertical": 2,
          },
          undefined,
        ],
      ],
    ]
  }
>
  Carregando...
</Text>
`;
